[1mfile.ex:2[0m
[0;32m1 days old[0;37m <a-commit-ref> (Daisy Developer)[0m
TODO: fix elixir

[1mfile.rb:2[0m
[0;32m1 days old[0;37m <a-commit-ref> (Daisy Developer)[0m
TODO: fix ruby

ðŸŒ± [0;32m2 TODO-days accumulated (max allowance: 14 ðŸ’µ).[0m
0
