[1mfile.js:1[0m
[0;32m7 days old[0;37m <a-commit-ref> (Daisy Developer)[0m
TODO: remove semicolon

[1mfile.js:3[0m
[0;32m7 days old[0;37m <a-commit-ref> (Daisy Developer)[0m
TODO: extract method

[1mfile.rb:1[0m
[0;32m1 days old[0;37m <a-commit-ref> (Daisy Developer)[0m
TODO: rewrite in javascript

‚õîÔ∏è [0;31m15 TODO-days accumulated (max allowance: 14 üíµ).[0m
1
