[1mfile.js:1[0m
[0;32m1 days old[0;37m <a-commit-ref> (Daisy Developer)[0m
TODO: 1-day old TODO

ðŸŒ± [0;32m1 TODO-days accumulated (max allowance: 14 ðŸ’µ).[0m
0
