TODOs could not be scanned: this appears to be a shallow clone of your git repository. Make sure you clone with full depth.
1
