[1mfile.js:1[0m
[0;32m0 days old[0;37m Not committed yet (Daisy Developer)[0m
TODO: rewrite in ruby

ðŸŒ± [0;32m0 TODO-days accumulated (max allowance: 14 ðŸ’µ).[0m
0
